[bestwebsoft.com/demo_theme/hotel-finder/index.html]
[backblue.gif]
[fade.gif]
[index.html]
[bestwebsoft.com/demo_theme/hotel-finder/css/bootstrap.min.css]
[bestwebsoft.com/demo_theme/hotel-finder/css/style.css]
[bestwebsoft.com/demo_theme/hotel-finder/css/ie.css]
[bestwebsoft.com/demo_theme/hotel-finder/css/font-awesome.min.css]
[bestwebsoft.com/demo_theme/hotel-finder/css/owl.carousel.css]
[bestwebsoft.com/demo_theme/hotel-finder/css/jquery-ui.css]
[bestwebsoft.com/demo_theme/hotel-finder/index-2.html]
[bestwebsoft.com/demo_theme/hotel-finder/images/logo.png]
[bestwebsoft.com/demo_theme/hotel-finder/elements.html]
[bestwebsoft.com/demo_theme/hotel-finder/blog-index.html]
[bestwebsoft.com/demo_theme/hotel-finder/about-us.html]
[bestwebsoft.com/demo_theme/hotel-finder/user-page.html]
[bestwebsoft.com/demo_theme/hotel-finder/search-result.html]
[bestwebsoft.com/demo_theme/hotel-finder/search-result-v-2.html]
[bestwebsoft.com/demo_theme/hotel-finder/search-result-v-3.html]
[bestwebsoft.com/demo_theme/hotel-finder/hotel-page-v1.html]
[bestwebsoft.com/demo_theme/hotel-finder/hotel-page-v2.html]
[bestwebsoft.com/demo_theme/hotel-finder/hotel-page-v3.html]
[bestwebsoft.com/demo_theme/hotel-finder/hotel-page-v4.html]
[bestwebsoft.com/demo_theme/hotel-finder/hotel-room-page.html]
[bestwebsoft.com/demo_theme/hotel-finder/hotel-room-page-special-offer.html]
[bestwebsoft.com/demo_theme/hotel-finder/payment.html]
[bestwebsoft.com/demo_theme/hotel-finder/search-rooms.html]
[bestwebsoft.com/demo_theme/hotel-finder/contact-us.html]
[bestwebsoft.com/demo_theme/hotel-finder/thanks-page.html]
[bestwebsoft.com/demo_theme/hotel-finder/404-page.html]
[bestwebsoft.com/demo_theme/hotel-finder/images/slider-image-1.jpg]
[bestwebsoft.com/demo_theme/hotel-finder/images/slider-image-2.jpg]
[bestwebsoft.com/demo_theme/hotel-finder/images/slider-image-3.jpg]
[bestwebsoft.com/demo_theme/hotel-finder/images/top-destination-1.jpg]
[bestwebsoft.com/demo_theme/hotel-finder/images/top-destination-2.jpg]
[bestwebsoft.com/demo_theme/hotel-finder/images/top-destination-3.jpg]
[bestwebsoft.com/demo_theme/hotel-finder/images/icon-ups-drinks.png]
[bestwebsoft.com/demo_theme/hotel-finder/images/icon-ups-card.png]
[bestwebsoft.com/demo_theme/hotel-finder/images/icon-ups-check.png]
[bestwebsoft.com/demo_theme/hotel-finder/images/category-box-1.jpg]
[bestwebsoft.com/demo_theme/hotel-finder/images/category-box-2.jpg]
[bestwebsoft.com/demo_theme/hotel-finder/images/category-box-3.jpg]
[bestwebsoft.com/demo_theme/hotel-finder/images/category-box-4.jpg]
[bestwebsoft.com/demo_theme/hotel-finder/images/category-box-5.jpg]
[bestwebsoft.com/demo_theme/hotel-finder/images/category-box-6.jpg]
[bestwebsoft.com/demo_theme/hotel-finder/images/visitor-avatar-1.jpg]
[bestwebsoft.com/demo_theme/hotel-finder/images/visitor-avatar-2.jpg]
[bestwebsoft.com/demo_theme/hotel-finder/images/visitor-avatar-3.jpg]
[bestwebsoft.com/cdn-cgi/scripts/5c5dd728/cloudflare-static/email-decode.min.js]
[bestwebsoft.com/demo_theme/hotel-finder/js/jquery-1.11.3.min.js]
[bestwebsoft.com/demo_theme/hotel-finder/js/jquery-ui.min.js]
[bestwebsoft.com/demo_theme/hotel-finder/js/jquery.ui.touch-punch.min.js]
[bestwebsoft.com/demo_theme/hotel-finder/js/bootstrap.min.js]
[bestwebsoft.com/demo_theme/hotel-finder/js/owl.carousel.min.js]
[bestwebsoft.com/demo_theme/hotel-finder/index.html]
[bestwebsoft.com/demo_theme/hotel-finder/js/script.js]
[bestwebsoft.com/demo_theme/hotel-finder/fonts/glyphicons-halflings-regular.eot]
[bestwebsoft.com/demo_theme/hotel-finder/fonts/glyphicons-halflings-regulard41d.eot]
[bestwebsoft.com/demo_theme/hotel-finder/fonts/glyphicons-halflings-regular.woff2]
[bestwebsoft.com/demo_theme/hotel-finder/fonts/glyphicons-halflings-regular.woff]
[bestwebsoft.com/demo_theme/hotel-finder/fonts/glyphicons-halflings-regular.ttf]
[bestwebsoft.com/demo_theme/hotel-finder/fonts/glyphicons-halflings-regular.svg]
[bestwebsoft.com/demo_theme/hotel-finder/css/bootstrap.min.css]
[bestwebsoft.com/demo_theme/hotel-finder/images/blockqoute.png]
[bestwebsoft.com/demo_theme/hotel-finder/fonts/Montserrat/montserrat-regular-webfont.eot]
[bestwebsoft.com/demo_theme/hotel-finder/fonts/Montserrat/montserrat-regular-webfontd41d.eot]
[bestwebsoft.com/demo_theme/hotel-finder/fonts/Montserrat/montserrat-regular-webfont.woff2]
[bestwebsoft.com/demo_theme/hotel-finder/fonts/Montserrat/montserrat-regular-webfont.woff]
[bestwebsoft.com/demo_theme/hotel-finder/fonts/Montserrat/montserrat-regular-webfont.ttf]
[bestwebsoft.com/demo_theme/hotel-finder/fonts/Montserrat/montserrat-regular-webfont.svg]
[bestwebsoft.com/demo_theme/hotel-finder/fonts/Open_Sans/opensans-regular-webfont.eot]
[bestwebsoft.com/demo_theme/hotel-finder/fonts/Open_Sans/opensans-regular-webfontd41d.eot]
[bestwebsoft.com/demo_theme/hotel-finder/fonts/Open_Sans/opensans-regular-webfont.woff2]
[bestwebsoft.com/demo_theme/hotel-finder/fonts/Open_Sans/opensans-regular-webfont.woff]
[bestwebsoft.com/demo_theme/hotel-finder/fonts/Open_Sans/opensans-regular-webfont.ttf]
[bestwebsoft.com/demo_theme/hotel-finder/fonts/Open_Sans/opensans-regular-webfont.svg]
[bestwebsoft.com/demo_theme/hotel-finder/fonts/Open_Sans/bold/opensans-bold-webfont.eot]
[bestwebsoft.com/demo_theme/hotel-finder/fonts/Open_Sans/bold/opensans-bold-webfontd41d.eot]
[bestwebsoft.com/demo_theme/hotel-finder/fonts/Open_Sans/bold/opensans-bold-webfont.woff2]
[bestwebsoft.com/demo_theme/hotel-finder/fonts/Open_Sans/bold/opensans-bold-webfont.woff]
[bestwebsoft.com/demo_theme/hotel-finder/fonts/Open_Sans/bold/opensans-bold-webfont.ttf]
[bestwebsoft.com/demo_theme/hotel-finder/fonts/Open_Sans/bold/opensans-bold-webfont.svg]
[bestwebsoft.com/demo_theme/hotel-finder/fonts/Open_Sans/light/opensans-light-webfont.eot]
[bestwebsoft.com/demo_theme/hotel-finder/fonts/Open_Sans/light/opensans-light-webfontd41d.eot]
[bestwebsoft.com/demo_theme/hotel-finder/fonts/Open_Sans/light/opensans-light-webfont.woff2]
[bestwebsoft.com/demo_theme/hotel-finder/fonts/Open_Sans/light/opensans-light-webfont.woff]
[bestwebsoft.com/demo_theme/hotel-finder/fonts/Open_Sans/light/opensans-light-webfont.ttf]
[bestwebsoft.com/demo_theme/hotel-finder/fonts/Open_Sans/light/opensans-light-webfont.svg]
[bestwebsoft.com/demo_theme/hotel-finder/fonts/Roboto/roboto-regular-webfont.eot]
[bestwebsoft.com/demo_theme/hotel-finder/fonts/Roboto/roboto-regular-webfontd41d.eot]
[bestwebsoft.com/demo_theme/hotel-finder/fonts/Roboto/roboto-regular-webfont.woff2]
[bestwebsoft.com/demo_theme/hotel-finder/fonts/Roboto/roboto-regular-webfont.woff]
[bestwebsoft.com/demo_theme/hotel-finder/fonts/Roboto/roboto-regular-webfont.ttf]
[bestwebsoft.com/demo_theme/hotel-finder/fonts/Roboto/roboto-regular-webfont.svg]
[bestwebsoft.com/demo_theme/hotel-finder/fonts/Roboto/light/roboto-light-webfont.eot]
[bestwebsoft.com/demo_theme/hotel-finder/fonts/Roboto/light/roboto-light-webfontd41d.eot]
[bestwebsoft.com/demo_theme/hotel-finder/fonts/Roboto/light/roboto-light-webfont.woff2]
[bestwebsoft.com/demo_theme/hotel-finder/fonts/Roboto/light/roboto-light-webfont.woff]
[bestwebsoft.com/demo_theme/hotel-finder/fonts/Roboto/light/roboto-light-webfont.ttf]
[bestwebsoft.com/demo_theme/hotel-finder/fonts/Roboto/light/roboto-light-webfont.svg]
[bestwebsoft.com/demo_theme/hotel-finder/fonts/Roboto_Thin/Roboto-Thin.eot]
[bestwebsoft.com/demo_theme/hotel-finder/fonts/Roboto_Thin/Roboto-Thind41d.eot]
[bestwebsoft.com/demo_theme/hotel-finder/fonts/Roboto_Thin/Roboto-Thin.woff2]
[bestwebsoft.com/demo_theme/hotel-finder/fonts/Roboto_Thin/Roboto-Thin.woff]
[bestwebsoft.com/demo_theme/hotel-finder/fonts/Roboto_Thin/Roboto-Thin.ttf]
[bestwebsoft.com/demo_theme/hotel-finder/fonts/Roboto_Thin/Roboto-Thin.svg]
[bestwebsoft.com/demo_theme/hotel-finder/fonts/Source_Code_Pro/sourcecodepro-regular-webfont.eot]
[bestwebsoft.com/demo_theme/hotel-finder/fonts/Source_Code_Pro/sourcecodepro-regular-webfontd41d.eot]
[bestwebsoft.com/demo_theme/hotel-finder/fonts/Source_Code_Pro/sourcecodepro-regular-webfont.woff2]
[bestwebsoft.com/demo_theme/hotel-finder/fonts/Source_Code_Pro/sourcecodepro-regular-webfont.woff]
[bestwebsoft.com/demo_theme/hotel-finder/fonts/Source_Code_Pro/sourcecodepro-regular-webfont.ttf]
[bestwebsoft.com/demo_theme/hotel-finder/fonts/Source_Code_Pro/sourcecodepro-regular-webfont.svg]
[bestwebsoft.com/demo_theme/hotel-finder/fonts/Glyphicons_Halflings/glyphicons-halflings-regular.eot]
[bestwebsoft.com/demo_theme/hotel-finder/fonts/Glyphicons_Halflings/glyphicons-halflings-regulard41d.eot]
[bestwebsoft.com/demo_theme/hotel-finder/fonts/Glyphicons_Halflings/glyphicons-halflings-regular.woff2]
[bestwebsoft.com/demo_theme/hotel-finder/fonts/Glyphicons_Halflings/glyphicons-halflings-regular.woff]
[bestwebsoft.com/demo_theme/hotel-finder/fonts/Glyphicons_Halflings/glyphicons-halflings-regular.ttf]
[bestwebsoft.com/demo_theme/hotel-finder/fonts/Glyphicons_Halflings/glyphicons-halflings-regular.svg]
[bestwebsoft.com/demo_theme/hotel-finder/images/bg_404.jpg]
[bestwebsoft.com/demo_theme/hotel-finder/images/icon-flag-britain.png]
[bestwebsoft.com/demo_theme/hotel-finder/images/icon-flag-german.png]
[bestwebsoft.com/demo_theme/hotel-finder/images/icon-flag-japan.png]
[bestwebsoft.com/demo_theme/hotel-finder/images/icon-flag-italy.png]
[bestwebsoft.com/demo_theme/hotel-finder/images/icon-flag-french.png]
[bestwebsoft.com/demo_theme/hotel-finder/images/icon-flag-russian.png]
[bestwebsoft.com/demo_theme/hotel-finder/images/icon-location.png]
[bestwebsoft.com/demo_theme/hotel-finder/images/icon-date-in.png]
[bestwebsoft.com/demo_theme/hotel-finder/images/icon-date-out.png]
[bestwebsoft.com/demo_theme/hotel-finder/images/icon-person.png]
[bestwebsoft.com/demo_theme/hotel-finder/images/background-world-map.png]
[bestwebsoft.com/demo_theme/hotel-finder/images/icon-location-white.png]
[bestwebsoft.com/demo_theme/hotel-finder/images/icon-submit-check.png]
[bestwebsoft.com/demo_theme/hotel-finder/images/icon-location-blue.png]
[bestwebsoft.com/demo_theme/hotel-finder/images/icon-date-blue.png]
[bestwebsoft.com/demo_theme/hotel-finder/images/widget-title-background.jpg]
[bestwebsoft.com/demo_theme/hotel-finder/images/ajax-loader.gif]
[bestwebsoft.com/demo_theme/hotel-finder/images/icon-person-blue.png]
[bestwebsoft.com/demo_theme/hotel-finder/images/search-form-widget-background.jpg]
[bestwebsoft.com/demo_theme/hotel-finder/images/icon-card-visa.png]
[bestwebsoft.com/demo_theme/hotel-finder/images/icon-card-paypal.png]
[bestwebsoft.com/demo_theme/hotel-finder/images/icon-card-mastercard.png]
[bestwebsoft.com/demo_theme/hotel-finder/images/icon-card-amex.png]
[bestwebsoft.com/demo_theme/hotel-finder/images/share_button.jpg]
[bestwebsoft.com/demo_theme/hotel-finder/images/btn-play.png]
[bestwebsoft.com/demo_theme/hotel-finder/css/style.css]
[bestwebsoft.com/demo_theme/hotel-finder/css/ie.css]
[bestwebsoft.com/demo_theme/hotel-finder/fonts/Font_Awesome/fontawesome-webfontd41d.eot]
[bestwebsoft.com/demo_theme/hotel-finder/fonts/Font_Awesome/fontawesome-webfonte0a5.eot]
[bestwebsoft.com/demo_theme/hotel-finder/fonts/Font_Awesome/fontawesome-webfonte0a5.woff2]
[bestwebsoft.com/demo_theme/hotel-finder/fonts/Font_Awesome/fontawesome-webfonte0a5.woff]
[bestwebsoft.com/demo_theme/hotel-finder/fonts/Font_Awesome/fontawesome-webfonte0a5.ttf]
[bestwebsoft.com/demo_theme/hotel-finder/css/font-awesome.min.css]
[bestwebsoft.com/demo_theme/hotel-finder/fonts/Font_Awesome/fontawesome-webfonte0a5.svg]
[bestwebsoft.com/demo_theme/hotel-finder/css/grabbing.png]
[bestwebsoft.com/demo_theme/hotel-finder/css/owl.carousel.css]
[bestwebsoft.com/demo_theme/hotel-finder/css/jquery-ui.css]
[bestwebsoft.com/demo_theme/hotel-finder/index-2.html]
[bestwebsoft.com/demo_theme/hotel-finder/css/select-style.css]
[maxcdn.bootstrapcdn.com/font-awesome/4.5.0/css/font-awesome.min.css]
[bestwebsoft.com/demo_theme/hotel-finder/images/hotel-4-notinclude.jpg]
[bestwebsoft.com/demo_theme/hotel-finder/images/visitor-avatar-1-1.jpg]
[bestwebsoft.com/demo_theme/hotel-finder/images/icon-flag-ukraine.png]
[bestwebsoft.com/demo_theme/hotel-finder/js/jquery.responsiveTabs.min.js]
[bestwebsoft.com/demo_theme/hotel-finder/elements.html]
[bestwebsoft.com/demo_theme/hotel-finder/js/jquery.custom-select.js]
[bestwebsoft.com/demo_theme/hotel-finder/blog-single.html]
[bestwebsoft.com/demo_theme/hotel-finder/images/29572el_chaise_longue_o_cheslon.jpg]
[bestwebsoft.com/demo_theme/hotel-finder/images/kitchen-island1.jpg]
[bestwebsoft.com/demo_theme/hotel-finder/images/5053563227_ee0db21ca5_b.jpg]
[bestwebsoft.com/demo_theme/hotel-finder/images/83890-Web1.jpg]
[bestwebsoft.com/demo_theme/hotel-finder/images/5690083711_44634c54f8_b.jpg]
[bestwebsoft.com/demo_theme/hotel-finder/blog-index.html]
[bestwebsoft.com/demo_theme/hotel-finder/images/about-us-video.jpg]
[bestwebsoft.com/demo_theme/hotel-finder/images/user-picture.jpg]
[bestwebsoft.com/demo_theme/hotel-finder/images/user2-picture.jpg]
[bestwebsoft.com/demo_theme/hotel-finder/images/user3-picture.jpg]
[bestwebsoft.com/demo_theme/hotel-finder/images/user4-picture.jpg]
[bestwebsoft.com/demo_theme/hotel-finder/about-us.html]
[bestwebsoft.com/demo_theme/hotel-finder/images/card_img.png]
[bestwebsoft.com/demo_theme/hotel-finder/images/visa_card.png]
[bestwebsoft.com/demo_theme/hotel-finder/images/1158353197.jpg]
[bestwebsoft.com/demo_theme/hotel-finder/user-page.html]
[bestwebsoft.com/demo_theme/hotel-finder/images/29775-vannaya-komnata-plastikom.jpg]
[bestwebsoft.com/demo_theme/hotel-finder/js/starrr.min.js]
[bestwebsoft.com/demo_theme/hotel-finder/search-result.html]
[bestwebsoft.com/demo_theme/hotel-finder/search-result-v-2.html]
[bestwebsoft.com/demo_theme/hotel-finder/search-result-v-3.html]
[bestwebsoft.com/demo_theme/hotel-finder/js/tinysort.js]
[bestwebsoft.com/demo_theme/hotel-finder/images/16660516681_8e0fcb131f_k.jpg]
[bestwebsoft.com/demo_theme/hotel-finder/images/16635965046_b2d93ce3c2_k.jpg]
[bestwebsoft.com/demo_theme/hotel-finder/images/16681976888_1539c483aa_k.jpg]
[bestwebsoft.com/demo_theme/hotel-finder/images/9552062566_5f946c2cb2_k.jpg]
[bestwebsoft.com/demo_theme/hotel-finder/images/15098547324_e583a06f71_k.jpg]
[bestwebsoft.com/demo_theme/hotel-finder/images/15471603459_c78150330b_k.jpg]
[bestwebsoft.com/demo_theme/hotel-finder/images/16293832454_d7d8573af2_k.jpg]
[bestwebsoft.com/demo_theme/hotel-finder/images/16415688600_a030e3e8dd_k.jpg]
[bestwebsoft.com/demo_theme/hotel-finder/images/hotel-logo.jpg]
[bestwebsoft.com/demo_theme/hotel-finder/hotel-page-v1.html]
[bestwebsoft.com/demo_theme/hotel-finder/hotel-page-v2.html]
[bestwebsoft.com/demo_theme/hotel-finder/hotel-page-v3.html]
[bestwebsoft.com/demo_theme/hotel-finder/hotel-page-v4.html]
[bestwebsoft.com/demo_theme/hotel-finder/hotel-room-page.html]
[bestwebsoft.com/demo_theme/hotel-finder/hotel-room-page-special-offer.html]
[bestwebsoft.com/demo_theme/hotel-finder/payment.html]
[bestwebsoft.com/demo_theme/hotel-finder/search-rooms.html]
[bestwebsoft.com/demo_theme/hotel-finder/contact-us.html]
[bestwebsoft.com/demo_theme/hotel-finder/images/mail_icon.jpg]
[bestwebsoft.com/demo_theme/hotel-finder/thanks-page.html]
[bestwebsoft.com/demo_theme/hotel-finder/404-page.html]
[bestwebsoft.com/demo_theme/hotel-finder/fonts/glyphicons-halflings-regular.html]
[bestwebsoft.com/demo_theme/hotel-finder/fonts/glyphicons-halflings-regulard41d.html]
[bestwebsoft.com/demo_theme/hotel-finder/fonts/glyphicons-halflings-regular-2.html]
[bestwebsoft.com/demo_theme/hotel-finder/fonts/glyphicons-halflings-regular-3.html]
[bestwebsoft.com/demo_theme/hotel-finder/fonts/glyphicons-halflings-regular-4.html]
[bestwebsoft.com/demo_theme/hotel-finder/fonts/glyphicons-halflings-regular-5.html]
[bestwebsoft.com/demo_theme/hotel-finder/fonts/Montserrat/montserrat-regular-webfont.svg]
[bestwebsoft.com/demo_theme/hotel-finder/fonts/Open_Sans/opensans-regular-webfont.svg]
[bestwebsoft.com/demo_theme/hotel-finder/fonts/Open_Sans/bold/opensans-bold-webfont.svg]
[bestwebsoft.com/demo_theme/hotel-finder/fonts/Open_Sans/light/opensans-light-webfont.svg]
[bestwebsoft.com/demo_theme/hotel-finder/fonts/Roboto/roboto-regular-webfont.svg]
[bestwebsoft.com/demo_theme/hotel-finder/fonts/Roboto/light/roboto-light-webfont.svg]
[bestwebsoft.com/demo_theme/hotel-finder/fonts/Roboto_Thin/Roboto-Thin.svg]
[bestwebsoft.com/demo_theme/hotel-finder/fonts/Source_Code_Pro/sourcecodepro-regular-webfont.svg]
[bestwebsoft.com/demo_theme/hotel-finder/fonts/Glyphicons_Halflings/glyphicons-halflings-regular.svg]
[bestwebsoft.com/demo_theme/hotel-finder/fonts/Font_Awesome/fontawesome-webfonte0a5.svg]
[bestwebsoft.com/demo_theme/hotel-finder/css/grabbing.html]
[bestwebsoft.com/demo_theme/hotel-finder/images/select_scroll.png]
[bestwebsoft.com/demo_theme/hotel-finder/css/select-style.css]
[maxcdn.bootstrapcdn.com/font-awesome/4.5.0/css/font-awesome.min.css]
[code.jquery.com/jquery-1.11.0.min.js]
[bestwebsoft.com/demo_theme/hotel-finder/images/single_blog.jpg]
[bestwebsoft.com/demo_theme/hotel-finder/images/image_single_blog.jpg]
[bestwebsoft.com/demo_theme/hotel-finder/images/avatar1.png]
[bestwebsoft.com/demo_theme/hotel-finder/blog-single.html]
