[demoxml.com/html/hotelbooking/index.html]
[backblue.gif]
[fade.gif]
[index.html]
[demoxml.com/html/hotelbooking/img/favicon.ico]
[demoxml.com/html/hotelbooking/css/font-awesome.css]
[demoxml.com/html/hotelbooking/css/bootstrap.min.css]
[demoxml.com/html/hotelbooking/css/uikit.min.css]
[demoxml.com/html/hotelbooking/css/animate.css]
[demoxml.com/html/hotelbooking/css/datepicker.css]
[demoxml.com/html/hotelbooking/css/owl.carousel.css]
[demoxml.com/html/hotelbooking/css/rev-slider/settings.css]
[demoxml.com/html/hotelbooking/css/lightslider.css]
[demoxml.com/html/hotelbooking/css/reset.css]
[demoxml.com/html/hotelbooking/style.css]
[demoxml.com/html/hotelbooking/css/responsive.css]
[demoxml.com/html/hotelbooking/index-2.html]
[demoxml.com/html/hotelbooking/img/site-logo.png]
[demoxml.com/html/hotelbooking/booking.html]
[demoxml.com/html/hotelbooking/index-two.html]
[demoxml.com/html/hotelbooking/accomodation.html]
[demoxml.com/html/hotelbooking/gallery.html]
[demoxml.com/html/hotelbooking/about-us.html]
[demoxml.com/html/hotelbooking/room-details.html]
[demoxml.com/html/hotelbooking/staff.html]
[demoxml.com/html/hotelbooking/404.html]
[demoxml.com/html/hotelbooking/blog.html]
[demoxml.com/html/hotelbooking/contact-us.html]
[demoxml.com/html/hotelbooking/img/call-icon.png]
[demoxml.com/html/hotelbooking/img/special-offer-main.png]
[demoxml.com/html/hotelbooking/img/rev-slider/slider-one.jpg]
[demoxml.com/html/hotelbooking/img/room-image-five.png]
[demoxml.com/html/hotelbooking/img/room-image-nine.png]
[demoxml.com/html/hotelbooking/img/room-image-thirteen.jpg]
[demoxml.com/html/hotelbooking/img/room-image-eight.png]
[demoxml.com/html/hotelbooking/img/home-facilities-icon-eleven.png]
[demoxml.com/html/hotelbooking/img/home-facilities-icon-seven.png]
[demoxml.com/html/hotelbooking/img/home-facilities-icon-eight.png]
[demoxml.com/html/hotelbooking/img/home-facilities-icon-nine.png]
[demoxml.com/html/hotelbooking/img/home-facilities-icon-ten.png]
[demoxml.com/html/hotelbooking/img/hotel-facility-one.jpg]
[demoxml.com/html/hotelbooking/img/hotel-facility-three.jpg]
[demoxml.com/html/hotelbooking/img/news-one.jpg]
[demoxml.com/html/hotelbooking/img/news-two.jpg]
[demoxml.com/html/hotelbooking/img/news-three.jpg]
[demoxml.com/html/hotelbooking/img/lightslider-img/cS-18.jpg]
[demoxml.com/html/hotelbooking/img/lightslider-img/cS-21.jpg]
[demoxml.com/html/hotelbooking/img/lightslider-img/cS-22.jpg]
[demoxml.com/html/hotelbooking/img/lightslider-img/cS-23.jpg]
[demoxml.com/html/hotelbooking/img/lightslider-img/cS-24.jpg]
[demoxml.com/html/hotelbooking/img/lightslider-img/cS-25.jpg]
[demoxml.com/html/hotelbooking/img/lightslider-img/cS-26.jpg]
[demoxml.com/html/hotelbooking/img/lightslider-img/cS-27.jpg]
[demoxml.com/html/hotelbooking/img/customer-says-one.png]
[demoxml.com/html/hotelbooking/img/footer-logo-one.png]
[demoxml.com/html/hotelbooking/img/footer-map-two.jpg]
[demoxml.com/html/hotelbooking/js/vendor/jquery-1.11.2.min.js]
[demoxml.com/html/hotelbooking/js/bootstrap.min.js]
[demoxml.com/html/hotelbooking/js/rev-slider/rs-plugin/jquery.themepunch.plugins.min.js]
[demoxml.com/html/hotelbooking/js/rev-slider/rs-plugin/jquery.themepunch.revolution.js]
[demoxml.com/html/hotelbooking/js/rev-slider/rs.home.js]
[demoxml.com/html/hotelbooking/js/uikit.min.js]
[demoxml.com/html/hotelbooking/js/jquery.easing.1.3.min.js]
[demoxml.com/html/hotelbooking/js/datepicker.js]
[demoxml.com/html/hotelbooking/js/jquery.scrollUp.min.js]
[demoxml.com/html/hotelbooking/js/owl.carousel.min.js]
[demoxml.com/html/hotelbooking/js/wow.min.js]
[demoxml.com/html/hotelbooking/js/lightslider.js]
[demoxml.com/html/hotelbooking/js/main.js]
[demoxml.com/html/hotelbooking/index.html]
[demoxml.com/html/hotelbooking/fonts/fontawesome-webfonte0a5.eot]
[demoxml.com/html/hotelbooking/fonts/fontawesome-webfontd41d.eot]
[demoxml.com/html/hotelbooking/fonts/fontawesome-webfonte0a5.woff2]
[demoxml.com/html/hotelbooking/fonts/fontawesome-webfonte0a5.woff]
[demoxml.com/html/hotelbooking/fonts/fontawesome-webfonte0a5.ttf]
[demoxml.com/html/hotelbooking/css/font-awesome.css]
[demoxml.com/html/hotelbooking/fonts/glyphicons-halflings-regular.eot]
[demoxml.com/html/hotelbooking/fonts/fontawesome-webfonte0a5.svg]
[demoxml.com/html/hotelbooking/fonts/glyphicons-halflings-regulard41d.eot]
[demoxml.com/html/hotelbooking/fonts/glyphicons-halflings-regular.woff2]
[demoxml.com/html/hotelbooking/fonts/glyphicons-halflings-regular.woff]
[demoxml.com/html/hotelbooking/fonts/glyphicons-halflings-regular.ttf]
[demoxml.com/html/hotelbooking/css/bootstrap.min.css]
[demoxml.com/html/hotelbooking/fonts/glyphicons-halflings-regular.svg]
[demoxml.com/html/hotelbooking/fonts/fontawesome-webfont.eot]
[demoxml.com/html/hotelbooking/fonts/fontawesome-webfont.woff2]
[demoxml.com/html/hotelbooking/fonts/fontawesome-webfont.woff]
[demoxml.com/html/hotelbooking/fonts/fontawesome-webfont.ttf]
[demoxml.com/html/hotelbooking/css/uikit.min.css]
[demoxml.com/html/hotelbooking/css/animate.css]
[demoxml.com/html/hotelbooking/css/datepicker.css]
[demoxml.com/html/hotelbooking/css/owl.video.play.png]
[demoxml.com/html/hotelbooking/css/owl.carousel.css]
[demoxml.com/html/hotelbooking/css/images/gradient/g30.png]
[demoxml.com/html/hotelbooking/css/images/gradient/g40.png]
[demoxml.com/html/hotelbooking/css/assets/shadow1.png]
[demoxml.com/html/hotelbooking/css/assets/shadow2.png]
[demoxml.com/html/hotelbooking/css/assets/shadow3.png]
[demoxml.com/html/hotelbooking/css/assets/boxed_bgtile.png]
[demoxml.com/html/hotelbooking/css/assets/navigdots_bgtile.png]
[demoxml.com/html/hotelbooking/css/assets/bullet.png]
[demoxml.com/html/hotelbooking/css/assets/bullets.png]
[demoxml.com/html/hotelbooking/css/assets/bullets2.png]
[demoxml.com/html/hotelbooking/css/assets/bullet_boxed.png]
[demoxml.com/html/hotelbooking/css/assets/navigdots.png]
[demoxml.com/html/hotelbooking/css/assets/large_left.png]
[demoxml.com/html/hotelbooking/css/assets/large_right.png]
[demoxml.com/html/hotelbooking/css/assets/small_left.png]
[demoxml.com/html/hotelbooking/css/assets/small_right.png]
[demoxml.com/html/hotelbooking/css/assets/arrow_left.png]
[demoxml.com/html/hotelbooking/css/assets/arrow_right.png]
[demoxml.com/html/hotelbooking/css/assets/small_left_boxed.png]
[demoxml.com/html/hotelbooking/css/assets/small_right_boxed.png]
[demoxml.com/html/hotelbooking/css/assets/arrowleft.png]
[demoxml.com/html/hotelbooking/css/assets/arrowright.png]
[demoxml.com/html/hotelbooking/css/assets/arrow_left2.png]
[demoxml.com/html/hotelbooking/css/assets/arrow_right2.png]
[demoxml.com/html/hotelbooking/css/assets/arrow_left3.png]
[demoxml.com/html/hotelbooking/css/assets/arrow_right3.png]
[demoxml.com/html/hotelbooking/css/assets/arrow_left3_hr.png]
[demoxml.com/html/hotelbooking/css/assets/arrow_right3_hr.png]
[demoxml.com/html/hotelbooking/css/assets/timer.png]
[demoxml.com/html/hotelbooking/css/assets/coloredbg.png]
[demoxml.com/html/hotelbooking/css/assets/loader.gif]
[demoxml.com/html/hotelbooking/css/font/revicons90c6.eot]
[demoxml.com/html/hotelbooking/css/font/revicons90c6.woff]
[demoxml.com/html/hotelbooking/css/font/revicons90c6.ttf]
[demoxml.com/html/hotelbooking/css/font/revicons90c6.svg]
[demoxml.com/html/hotelbooking/css/rev-slider/settings.css]
[demoxml.com/html/hotelbooking/img/lightslider-img/controls.png]
[demoxml.com/html/hotelbooking/css/lightslider.css]
[demoxml.com/html/hotelbooking/img/nice-title.png]
[demoxml.com/html/hotelbooking/img/nice-title-breadcrumb.png]
[demoxml.com/html/hotelbooking/css/assets/new-left-arrow.jpg]
[demoxml.com/html/hotelbooking/css/assets/new-left-hover-arrow.jpg]
[demoxml.com/html/hotelbooking/css/assets/new-right-arrow.jpg]
[demoxml.com/html/hotelbooking/css/assets/new-right-hover-arrow.jpg]
[demoxml.com/html/hotelbooking/css/reset.css]
[demoxml.com/html/hotelbooking/img/dropdown_bg.png]
[demoxml.com/html/hotelbooking/img/hotel-facilities-bg.jpg]
[demoxml.com/html/hotelbooking/img/customer-slider-bg.png]
[demoxml.com/html/hotelbooking/img/error_bg.jpg]
[demoxml.com/html/hotelbooking/img/nice-title-error.png]
[demoxml.com/html/hotelbooking/img/about-us-breadcrumb.jpg]
[demoxml.com/html/hotelbooking/img/accomodation-breadcrumb-one.jpg]
[demoxml.com/html/hotelbooking/img/customer-slider-bg-one.png]
[demoxml.com/html/hotelbooking/img/gallery-breadcrumb.jpg]
[demoxml.com/html/hotelbooking/img/blog-pic-link-bg.png]
[demoxml.com/html/hotelbooking/style.css]
[demoxml.com/html/hotelbooking/css/responsive.css]
[demoxml.com/html/hotelbooking/index-2.html]
[demoxml.com/html/hotelbooking/img/temp-icon.png]
[demoxml.com/html/hotelbooking/img/special-offer-yellow-main.png]
[demoxml.com/html/hotelbooking/img/booking-step-one.jpg]
[demoxml.com/html/hotelbooking/img/home-facilities-icon-one.png]
[demoxml.com/html/hotelbooking/img/home-facilities-icon-four.png]
[demoxml.com/html/hotelbooking/img/home-facilities-icon-two.png]
[demoxml.com/html/hotelbooking/img/home-facilities-icon-five.png]
[demoxml.com/html/hotelbooking/img/home-facilities-icon-three.png]
[demoxml.com/html/hotelbooking/img/home-facilities-icon-twelve.png]
[demoxml.com/html/hotelbooking/img/american-express.png]
[demoxml.com/html/hotelbooking/img/discover.png]
[demoxml.com/html/hotelbooking/img/paypal.png]
[demoxml.com/html/hotelbooking/img/visa.png]
[demoxml.com/html/hotelbooking/img/maestro.png]
[demoxml.com/html/hotelbooking/booking.html]
[demoxml.com/html/hotelbooking/img/room-thumb-one.jpg]
[demoxml.com/html/hotelbooking/img/room-thumb-two.jpg]
[demoxml.com/html/hotelbooking/img/room-thumb-three.jpg]
[demoxml.com/html/hotelbooking/img/showcase-slider-one.jpg]
[demoxml.com/html/hotelbooking/img/showcase-slider-two.jpg]
[demoxml.com/html/hotelbooking/img/showcase-slider-three.jpg]
[demoxml.com/html/hotelbooking/img/showcase-slider-four.jpg]
[demoxml.com/html/hotelbooking/img/showcase-slider-five.jpg]
[demoxml.com/html/hotelbooking/img/showcase-slider-six.jpg]
[demoxml.com/html/hotelbooking/img/showcase-slider-seven.jpg]
[demoxml.com/html/hotelbooking/img/about-hotel-thumb.jpg]
[demoxml.com/html/hotelbooking/index-two.html]
[demoxml.com/html/hotelbooking/img/room-image-ten.jpg]
[demoxml.com/html/hotelbooking/img/room-image-nineteen.png]
[demoxml.com/html/hotelbooking/img/room-image-fourteen.jpg]
[demoxml.com/html/hotelbooking/img/room-image-fifteen.png]
[demoxml.com/html/hotelbooking/img/room-image-twenty.png]
[demoxml.com/html/hotelbooking/img/room-image-seventeen.png]
[demoxml.com/html/hotelbooking/img/room-image-eighteen.png]
[demoxml.com/html/hotelbooking/accomodation.html]
[demoxml.com/html/hotelbooking/img/lightslider-img/cS-16.jpg]
[demoxml.com/html/hotelbooking/img/lightslider-img/cS-53.jpg]
[demoxml.com/html/hotelbooking/img/gallery-four.jpg]
[demoxml.com/html/hotelbooking/img/gallery-five.jpg]
[demoxml.com/html/hotelbooking/img/room-image-twelve.jpg]
[demoxml.com/html/hotelbooking/img/room-image-sixteen.png]
[demoxml.com/html/hotelbooking/img/lightslider-img/cS-54.jpg]
[demoxml.com/html/hotelbooking/img/lightslider-img/cS-55.jpg]
[demoxml.com/html/hotelbooking/img/room-image-seven.png]
[demoxml.com/html/hotelbooking/img/room-image-eleven.jpg]
[demoxml.com/html/hotelbooking/js/uikit-lightbox.js]
[demoxml.com/html/hotelbooking/gallery.html]
[demoxml.com/html/hotelbooking/img/about-us-thumb.jpg]
[demoxml.com/html/hotelbooking/img/about-us-staff-one.jpg]
[demoxml.com/html/hotelbooking/img/about-us-staff-two.jpg]
[demoxml.com/html/hotelbooking/img/about-us-staff-three.jpg]
[demoxml.com/html/hotelbooking/img/about-us-staff-four.jpg]
[demoxml.com/html/hotelbooking/about-us.html]
[demoxml.com/html/hotelbooking/img/lightslider-img/cS-52.jpg]
[demoxml.com/html/hotelbooking/img/lightslider-img/cS-51.jpg]
[demoxml.com/html/hotelbooking/img/lightslider-img/cS-50.jpg]
[demoxml.com/html/hotelbooking/img/lightslider-img/cS-49.jpg]
[demoxml.com/html/hotelbooking/img/lightslider-img/cS-48.jpg]
[demoxml.com/html/hotelbooking/img/lightslider-img/cS-47.jpg]
[demoxml.com/html/hotelbooking/img/lightslider-img/cS-46.jpg]
[demoxml.com/html/hotelbooking/img/lightslider-img/cS-45.jpg]
[demoxml.com/html/hotelbooking/room-details.html]
[demoxml.com/html/hotelbooking/img/about-us-staff-five.jpg]
[demoxml.com/html/hotelbooking/img/about-us-staff-six.jpg]
[demoxml.com/html/hotelbooking/img/about-us-staff-seven.jpg]
[demoxml.com/html/hotelbooking/img/about-us-staff-eight.jpg]
[demoxml.com/html/hotelbooking/staff.html]
[demoxml.com/html/hotelbooking/404.html]
[demoxml.com/html/hotelbooking/img/blog-pic1.jpg]
[demoxml.com/html/hotelbooking/single-blog.html]
[demoxml.com/html/hotelbooking/img/blog-pic3.jpg]
[demoxml.com/html/hotelbooking/img/blog-pic4.jpg]
[demoxml.com/html/hotelbooking/img/blog-pic5.jpg]
[demoxml.com/html/hotelbooking/img/blog-pic7.jpg]
[demoxml.com/html/hotelbooking/img/blog-pic6.jpg]
[demoxml.com/html/hotelbooking/js/grid.js]
[demoxml.com/html/hotelbooking/blog.html]
[demoxml.com/html/hotelbooking/contact-us.html]
[demoxml.com/html/hotelbooking/fonts/fontawesome-webfonte0a5.svg]
[demoxml.com/html/hotelbooking/fonts/glyphicons-halflings-regular.html]
[demoxml.com/html/hotelbooking/fonts/glyphicons-halflings-regular.svg]
[demoxml.com/html/hotelbooking/css/owl.video.play.html]
[demoxml.com/html/hotelbooking/css/images/gradient/g30.html]
[demoxml.com/html/hotelbooking/css/images/gradient/g40.html]
[demoxml.com/html/hotelbooking/css/assets/arrow_left3.html]
[demoxml.com/html/hotelbooking/css/font/revicons90c6.html]
[demoxml.com/html/hotelbooking/css/font/revicons90c6-2.html]
[demoxml.com/html/hotelbooking/css/font/revicons90c6-3.html]
[demoxml.com/html/hotelbooking/css/font/revicons90c6-4.html]
[demoxml.com/html/hotelbooking/img/sing_blog_photo_1.jpg]
[demoxml.com/html/hotelbooking/img/sing_blog_photo_2.jpg]
[demoxml.com/html/hotelbooking/img/author_photo.jpg]
[demoxml.com/html/hotelbooking/img/comment_photo_1.jpg]
[demoxml.com/html/hotelbooking/img/comment_photo_2.jpg]
[demoxml.com/html/hotelbooking/img/comment_photo_3.jpg]
[demoxml.com/html/hotelbooking/img/comment_photo_4.jpg]
[demoxml.com/html/hotelbooking/img/recent_blog_post-2.png]
[demoxml.com/html/hotelbooking/img/recent_blog_post-1.png]
[demoxml.com/html/hotelbooking/img/recent_blog_post-3.png]
[demoxml.com/html/hotelbooking/single-blog.html]
